// Jest Snapshot v1, https://goo.gl/fbAQLP

exports[`renders PageLink 1`] = `
<a
  className="page-link"
/>
`;
